\BOOKMARK [1][-]{section*.1}{\376\377\116\000\060\001\135\362\133\214\142\020\166\204\116\373\122\241\123\312\123\326\137\227\166\204\142\020\147\234}{}% 1
\BOOKMARK [2][-]{subsection*.2}{\376\377\0001\000.\0001\000\040\155\361\116\232\124\150\147\037\215\205\137\353\121\111\201\011\121\262\166\204\164\006\213\272\230\204\212\000\377\010\135\362\123\321\210\150\377\011}{section*.1}% 2
\BOOKMARK [2][-]{subsection*.3}{\376\377\0001\000.\0002\000\040\176\263\174\163\176\277\164\346\221\317\176\247\217\336\176\355\154\342\133\374\154\342\133\236\232\214\377\010\135\362\142\225\172\077\377\011}{section*.1}% 3
\BOOKMARK [2][-]{subsection*.4}{\376\377\0001\000.\0003\000\040\155\361\116\232\154\342\225\177\176\246\147\137\121\111\127\072\220\006\136\267\146\156\230\177\145\143\134\004\166\204\221\317\133\120\164\006\213\272\150\106\147\266}{section*.1}% 4
\BOOKMARK [2][-]{subsection*.5}{\376\377\0001\000.\0004\000\040\134\017\133\124\147\201\172\357\176\246\147\137\121\111\127\072\166\204\221\317\133\120\123\026}{section*.1}% 5
\BOOKMARK [2][-]{subsection*.6}{\376\377\0001\000.\0005\000\040\137\072\127\072\131\052\215\153\121\171\156\220\133\236\232\214\136\163\123\360\144\055\136\372}{section*.1}% 6
\BOOKMARK [1][-]{section*.7}{\376\377\116\214\060\001\134\032\230\173\133\214\142\020\166\204\116\373\122\241}{}% 7
\BOOKMARK [2][-]{subsection*.8}{\376\377\0002\000.\0001\000\040\164\006\213\272\135\345\117\134\133\214\125\204}{section*.7}% 8
\BOOKMARK [2][-]{subsection*.9}{\376\377\0002\000.\0002\000\040\133\236\232\214\136\163\123\360\144\055\136\372}{section*.7}% 9
\BOOKMARK [2][-]{subsection*.10}{\376\377\0002\000.\0003\000\040\121\163\225\056\232\214\213\301\133\236\232\214}{section*.7}% 10
\BOOKMARK [2][-]{subsection*.11}{\376\377\0002\000.\0004\000\040\133\146\117\115\213\272\145\207\144\260\121\231}{section*.7}% 11
\BOOKMARK [1][-]{section*.12}{\376\377\116\011\060\001\133\130\127\050\166\204\225\356\230\230}{}% 12
\BOOKMARK [2][-]{subsection*.13}{\376\377\0003\000.\0001\000\040\164\006\213\272\213\241\173\227\166\204\131\015\147\102\140\047}{section*.12}% 13
\BOOKMARK [2][-]{subsection*.14}{\376\377\0003\000.\0002\000\040\133\236\232\214\136\163\123\360\166\204\215\104\156\220\123\117\214\003}{section*.12}% 14
\BOOKMARK [2][-]{subsection*.15}{\376\377\0003\000.\0003\000\040\176\246\147\137\121\111\127\072\166\204\217\321\127\072\210\150\137\201}{section*.12}% 15
\BOOKMARK [2][-]{subsection*.16}{\376\377\0003\000.\0004\000\040\176\263\174\163\176\277\116\016\131\052\215\153\121\171\154\342\153\265\166\204\220\002\221\115}{section*.12}% 16
\BOOKMARK [1][-]{section*.17}{\376\377\126\333\060\001\142\337\221\307\123\326\166\204\122\236\154\325}{}% 17
\BOOKMARK [2][-]{subsection*.18}{\376\377\0004\000.\0001\000\040\224\210\133\371\164\006\213\272\213\241\173\227\131\015\147\102\140\047\166\204\211\343\121\263\145\271\150\110}{section*.17}% 18
\BOOKMARK [2][-]{subsection*.19}{\376\377\0004\000.\0002\000\040\224\210\133\371\133\236\232\214\136\163\123\360\123\117\214\003\166\204\211\343\121\263\145\271\150\110}{section*.17}% 19
\BOOKMARK [2][-]{subsection*.20}{\376\377\0004\000.\0003\000\040\224\210\133\371\217\321\127\072\210\150\137\201\126\360\226\276\166\204\211\343\121\263\145\271\150\110}{section*.17}% 20
\BOOKMARK [2][-]{subsection*.21}{\376\377\0004\000.\0004\000\040\224\210\133\371\131\052\215\153\121\171\154\342\153\265\220\002\221\115\166\204\211\343\121\263\145\271\150\110}{section*.17}% 21
\BOOKMARK [2][-]{subsection*.22}{\376\377\0004\000.\0005\000\040\145\366\225\364\133\211\143\222}{section*.17}% 22
